| SensitiveDataLog.cs:134:13:134:48 | call to method LogInformation | Logging call may expose sensitive data |
| SensitiveDataLog.cs:135:13:135:51 | call to method LogInformation | Logging call may expose sensitive data |
| SensitiveDataLog.cs:136:13:136:43 | call to method LogError | Logging call may expose sensitive data |
| SensitiveDataLog.cs:137:13:137:48 | call to method LogWarning | Logging call may expose sensitive data |
| SensitiveDataLog.cs:138:13:138:45 | call to method LogDebug | Logging call may expose sensitive data |
| SensitiveDataLog.cs:139:13:139:50 | call to method LogTrace | Logging call may expose sensitive data |
| SensitiveDataLog.cs:140:13:140:50 | call to method LogCritical | Logging call may expose sensitive data |
| SensitiveDataLog.cs:141:13:141:53 | call to method LogInformation | Logging call may expose sensitive data |
| SensitiveDataLog.cs:142:13:142:53 | call to method LogInformation | Logging call may expose sensitive data |
| SensitiveDataLog.cs:143:13:143:46 | call to method LogError | Logging call may expose sensitive data |
| SensitiveDataLog.cs:150:13:150:68 | call to method LogInformation | Logging call may expose sensitive data |
| SensitiveDataLog.cs:151:13:151:66 | call to method LogInformation | Logging call may expose sensitive data |
| SensitiveDataLog.cs:152:13:152:63 | call to method LogWarning | Logging call may expose sensitive data |
| SensitiveDataLog.cs:153:13:153:65 | call to method LogError | Logging call may expose sensitive data |
| SensitiveDataLog.cs:160:13:160:63 | call to method LogInformation | Logging call may expose sensitive data |
| SensitiveDataLog.cs:161:13:161:61 | call to method LogInformation | Logging call may expose sensitive data |
| SensitiveDataLog.cs:162:13:162:58 | call to method LogError | Logging call may expose sensitive data |
| SensitiveDataLog.cs:169:13:169:76 | call to method LogInformation | Logging call may expose sensitive data |
| SensitiveDataLog.cs:170:13:170:102 | call to method LogError | Logging call may expose sensitive data |
| SensitiveDataLog.cs:177:13:177:73 | call to method LogInformation | Logging call may expose sensitive data |
| SensitiveDataLog.cs:178:13:178:72 | call to method LogInformation | Logging call may expose sensitive data |
| SensitiveDataLog.cs:179:13:179:70 | call to method LogError | Logging call may expose sensitive data |
| SensitiveDataLog.cs:191:13:191:43 | call to method LogInformation | Logging call may expose sensitive data |
| SensitiveDataLog.cs:192:13:192:41 | call to method LogError | Logging call may expose sensitive data |
| SensitiveDataLog.cs:193:13:193:40 | call to method LogWarning | Logging call may expose sensitive data |
| SensitiveDataLog.cs:194:13:194:40 | call to method LogDebug | Logging call may expose sensitive data |
